// Jest Snapshot v1, https://goo.gl/fbAQLP

exports[`Movies matches current snapshot 1`] = `
<View
  style={
    Object {
      "paddingTop": 20,
    }
  }
>
  <RCTScrollView
    contentContainerStyle={
      Object {
        "flexDirection": "row",
        "flexWrap": "wrap",
      }
    }
  >
    <View>
      <View
        accessibilityComponentType={undefined}
        accessibilityLabel={undefined}
        accessibilityTraits={undefined}
        accessible={true}
        collapsable={undefined}
        hitSlop={undefined}
        isTVSelectable={true}
        nativeID={undefined}
        onLayout={undefined}
        onResponderGrant={[Function]}
        onResponderMove={[Function]}
        onResponderRelease={[Function]}
        onResponderTerminate={[Function]}
        onResponderTerminationRequest={[Function]}
        onStartShouldSetResponder={[Function]}
        style={
          Object {
            "height": 365,
            "marginBottom": 5,
            "marginLeft": 7.5,
            "opacity": 1,
            "width": 240,
          }
        }
        testID={undefined}
        tvParallaxProperties={undefined}
      >
        <View
          style={
            Object {
              "flex": 1,
            }
          }
        >
          <Image
            source={
              Object {
                "uri": "https://image.tmdb.org/t/p/w500/blade-runner.jpg",
              }
            }
            style={
              Object {
                "borderRadius": 5,
                "bottom": 0,
                "left": 0,
                "position": "absolute",
                "right": 0,
                "top": 0,
              }
            }
          />
        </View>
        <Text
          accessible={true}
          allowFontScaling={true}
          ellipsizeMode="tail"
          numberOfLines={1}
          style={
            Object {
              "fontFamily": "Avenir",
              "fontSize": 14,
              "marginTop": 4,
            }
          }
        >
          Blade Runner
        </Text>
        <Text
          accessible={true}
          allowFontScaling={true}
          ellipsizeMode="tail"
          numberOfLines={1}
          style={
            Object {
              "color": "#BBBBBB",
              "fontFamily": "Avenir",
              "fontSize": 12,
              "lineHeight": 14,
            }
          }
        >
          4.5
        </Text>
      </View>
    </View>
  </RCTScrollView>
</View>
`;
