// Jest Snapshot v1, https://goo.gl/fbAQLP

exports[`MoviePoster matches current snapshot 1`] = `
<TouchableOpacity
  activeOpacity={0.2}
  onPress={[Function]}
>
  <View>
    <Image
      source={
        Object {
          "uri": undefined,
        }
      }
    />
  </View>
  <Text
    accessible={true}
    allowFontScaling={true}
    ellipsizeMode="tail"
    numberOfLines={1}
  />
  <Text
    accessible={true}
    allowFontScaling={true}
    ellipsizeMode="tail"
    numberOfLines={1}
  />
</TouchableOpacity>
`;
