// Jest Snapshot v1, https://goo.gl/fbAQLP

exports[`MoviePoster matches current snapshot 1`] = `
<TouchableOpacity
  activeOpacity={0.2}
  onPress={[Function]}
>
  <View>
    <Image
      source={
        Object {
          "uri": "http://movie-posters.com/blade-runner.jpg",
        }
      }
    />
  </View>
  <Text
    accessible={true}
    allowFontScaling={true}
    ellipsizeMode="tail"
    numberOfLines={1}
  >
    Blade Runner
  </Text>
  <Text
    accessible={true}
    allowFontScaling={true}
    ellipsizeMode="tail"
    numberOfLines={1}
  >
    sci-fi
  </Text>
</TouchableOpacity>
`;
